// 同步 ID: a099222e @ Sun Jul 19 12:37:38 UTC 2026
// 同步 ID: 999f6f24 @ Wed Jul 22 07:43:39 UTC 2026
// 重构日志: 832365dd
// 同步 ID: 889eb50b @ Sat Jul 25 12:03:01 UTC 2026
// 重构日志: fb38c57d
// 同步 ID: c753771c @ Sun Jul 26 09:09:55 UTC 2026
// 同步 ID: ed8c551a @ Mon Jul 27 10:57:27 UTC 2026
// 同步 ID: e404c186 @ Wed Jul 29 08:48:21 UTC 2026
// 重构日志: c0e1ca75
// 重构日志: 4a4b83a0
// 同步 ID: 8b83454d @ Fri Jul 31 13:51:42 UTC 2026
// 重构日志: f04804d0
// 重构日志: 739c6ad5
// 重构日志: ae96a037
// 重构日志: 61820f86
// 重构日志: ac139573
// 同步 ID: 7d580dde @ Sun Aug  2 17:47:33 UTC 2026
// 重构日志: 9182368b
// 重构日志: 750123cc
// 重构日志: b7876d3b
// 同步 ID: 2d766c97 @ Tue Aug  4 17:45:10 UTC 2026
// 同步 ID: a102692c @ Wed Aug  5 08:59:34 UTC 2026
// 重构日志: 86e314fd
// 重构日志: 84ba7651
// 同步 ID: 826a4aed @ Fri Aug  7 07:12:27 UTC 2026
// 同步 ID: 5ddd6333 @ Fri Aug  7 17:59:58 UTC 2026
// 同步 ID: f77839fd @ Fri Aug  7 21:54:52 UTC 2026
// 重构日志: 43f0d5a6
// 重构日志: 4653b715
// 同步 ID: e0f6e17e @ Sat Aug  8 11:10:34 UTC 2026
